============================================
   cups-filters 1.28.11: ./test-suite.log
============================================

# TOTAL: 6
# PASS:  6
# SKIP:  0
# XFAIL: 0
# FAIL:  0
# XPASS: 0
# ERROR: 0

.. contents:: :depth: 2

